// Jest Snapshot v1, https://goo.gl/fbAQLP

exports[`<MenuLink /> should match a snapshot 1`] = `
.c0 {
  display: block;
  -webkit-text-decoration: none;
  text-decoration: none;
  font-size: 1.6rem;
  padding: 2.4rem;
  color: #0a1128;
  position: relative;
}

.c0::after {
  content: "";
  position: absolute;
  bottom: 0;
  left: 50%;
  width: 0;
  height: 0.2rem;
  background-color: #dc143c;
  -webkit-transition: all 300ms ease-in-out;
  transition: all 300ms ease-in-out;
}

.c0:hover::after {
  left: 25%;
  width: 50%;
}

<a
  class="c0"
  href="http://localhost:3000"
  target="_self"
>
  Children
</a>
`;

exports[`<MenuLink /> should open in a new tab 1`] = `
.c0 {
  display: block;
  -webkit-text-decoration: none;
  text-decoration: none;
  font-size: 1.6rem;
  padding: 2.4rem;
  color: #0a1128;
  position: relative;
}

.c0::after {
  content: "";
  position: absolute;
  bottom: 0;
  left: 50%;
  width: 0;
  height: 0.2rem;
  background-color: #dc143c;
  -webkit-transition: all 300ms ease-in-out;
  transition: all 300ms ease-in-out;
}

.c0:hover::after {
  left: 25%;
  width: 50%;
}

<a
  class="c0"
  href="http://localhost:3000"
  target="_self"
>
  Children
</a>
`;
